// Jest Snapshot v1, https://goo.gl/fbAQLP

exports[`Footer component matches snapshot 1`] = `
<DocumentFragment>
  <footer
    class="footer"
  >
    <p>
      Â© Microverse 2023
    </p>
  </footer>
</DocumentFragment>
`;
