// Jest Snapshot v1, https://goo.gl/fbAQLP

exports[`Quotes component matches snapshot 1`] = `
<DocumentFragment>
  <div
    class="bubble-spinner"
  >
    <div
      class="bubble"
    />
    <div
      class="bubble"
    />
    <div
      class="bubble"
    />
  </div>
</DocumentFragment>
`;
